[www.purnellspropertymaintenance.co.uk/index.html]
[static.wixstatic.com/media/958639_eac49d96e60043048622402af80155a8_mv2.png/v1/fill/w_192,h_192,lg_1,usm_0.66_1.00_0.01/958639_eac49d96e60043048622402af80155a8_mv2.png]
[static.wixstatic.com/media/958639_eac49d96e60043048622402af80155a8_mv2.png/v1/fill/w_32,h_32,lg_1,usm_0.66_1.00_0.01/958639_eac49d96e60043048622402af80155a8_mv2.png]
[static.wixstatic.com/media/958639_eac49d96e60043048622402af80155a8_mv2.png/v1/fill/w_180,h_180,lg_1,usm_0.66_1.00_0.01/958639_eac49d96e60043048622402af80155a8_mv2.png]
[static.parastorage.com/unpkg/@formatjs/intl-segmenter@11.7.10/polyfill.iife.js]
[static.parastorage.com/unpkg/core-js-bundle@3.2.1/minified.js]
[static.parastorage.com/unpkg/focus-within-polyfill@5.0.9/dist/focus-within-polyfill.js]
[www.purnellspropertymaintenance.co.uk/t.6.delayed]
[backblue.gif]
[fade.gif]
[index.html]
[static.wixstatic.com/media/44ceee_d46293f48f8d46388a6ef396c7ed1016_mv2.png/v1/fill/w_260,h_122,al_c,q_85,usm_0.66_1.00_0.01,enc_avif,quality_auto/Purnells Property Maintenance Logo.png]
[www.purnellspropertymaintenance.co.uk/property-maintenance.html]
[www.purnellspropertymaintenance.co.uk/building-services.html]
[www.purnellspropertymaintenance.co.uk/kitchens-and-bathrooms.html]
[www.purnellspropertymaintenance.co.uk/carpentry-and-joinery.html]
[www.purnellspropertymaintenance.co.uk/painting-and-decorating.html]
[www.purnellspropertymaintenance.co.uk/roofing-services.html]
[www.purnellspropertymaintenance.co.uk/landscaping-and-patios.html]
[static.wixstatic.com/media/11062b_d2e7a15d1d644398bc0da877415711e4_mv2.jpg/v1/crop/x_329,y_0,w_3744,h_3744/fill/w_490,h_490,al_c,q_80,usm_0.66_1.00_0.01,enc_av/Home Extension Construction Site.jpg]
[www.purnellspropertymaintenance.co.uk/contact-us.html]
[static.wixstatic.com/media/11062b_0c1bf243a20c4b3587c988483f8420f5_mv2.jpg/v1/crop/x_362,y_0,w_1446,h_1446/fill/w_212,h_212,al_c,q_80,usm_0.66_1.00_0.01,enc_avif,quality_auto/Wooden Staircase.jpg]
[static.wixstatic.com/media/11062b_aef213a3cfe5481ea3b15a995996db97_mv2.jpg/v1/crop/x_370,y_0,w_3282,h_3282/fill/w_212,h_212,al_c,q_80,usm_0.66_1.00_0.01,enc_av/a bathroom in the attic of an expensive new home_ A]
[static.wixstatic.com/media/44ceee_44832dde9fad4009bf9831f042404617_mv2.jpg/v1/fill/w_309,h_309,al_c,q_80,usm_0.66_1.00_0.01,enc_avif,quality_auto/person placeholder image.jpg]
[static.wixstatic.com/media/11062b_714cb85cc2194e5bafb5610dd840200e_mv2.jpg/v1/crop/x_1349,y_0,w_3324,h_3322/fill/w_212,h_212,al_c,q_80,usm_0.66_1.00_0.01,enc_av/Man painting wall with gray color, using small pai]
[static.wixstatic.com/media/26aa9b_1ce105da62cd4f148781b39f6fccfe67_mv2.png/v1/fill/w_150,h_75,al_c,q_85,usm_0.66_1.00_0.01,enc_avif,quality_auto/Review us on Yell_com.png]
[static.wixstatic.com/media/44ceee_d4f1b8372204493f96e6ed1104194cbe_mv2.jpg/v1/crop/x_128,y_0,w_768,h_768/fill/w_212,h_212,al_c,q_80,usm_0.66_1.00_0.01,enc_av/56eade60-a32c-4450-9234-a22ed0db11bb_image_jpeg.15.de]
[www.purnellspropertymaintenance.co.uk/window.location.1a.delayed]
[browser.sentry-cdn.com/7.120.3/bundle.tracing.es5.min.js]
[static.wixstatic.com/media/44ceee_e01299829b954803b3273b7891bfd724_mv2.jpg/v1/crop/x_128,y_0,w_768,h_768/fill/w_455,h_455,al_c,q_80,usm_0.66_1.00_0.01,enc_av/9b3993d9-dc7f-4055-8f28-0c53414f5a0c_image_jpeg.16.de]
[browser.sentry-cdn.com/7.120.3/modulemetadata.es5.min.js]
[static.wixstatic.com/media/44ceee_54f74519e7e74dc3a14b6f5accb6e9ca_mv2.jpg/v1/crop/x_0,y_128,w_768,h_768/fill/w_455,h_455,al_c,q_80,usm_0.66_1.00_0.01,enc_av/6712b86d-a624-4cb0-b4e2-225e2857dfe9_image_jpeg.17.de]
[www.purnellspropertymaintenance.co.uk/sitemap.xml]
[www.purnellspropertymaintenance.co.uk/feed.1e.delayed]
[static.parastorage.com/unpkg/react@18.3.1/umd/react.production.min.js]
[static.parastorage.com/unpkg/react-dom@18.3.1/umd/react-dom.production.min.js]
[static.parastorage.com/unpkg/lodash@4.17.21/lodash.min.js]
[static.parastorage.com/services/wix-thunderbolt/dist/thunderbolt-commons.3a1c79ef.bundle.min.js]
[static.parastorage.com/services/wix-thunderbolt/dist/main.2af1520d.bundle.min.js]
[static.parastorage.com/services/wix-thunderbolt/dist/main.renderer.99fa8096.bundle.min.js]
[static.parastorage.com/services/wix-thunderbolt/dist/browser-deprecation.bundle.es5.js]
[www.purnellspropertymaintenance.co.uk/decodeURIComponent(e.26.delayed]
[www.purnellspropertymaintenance.co.uk/index.html]
[www.purnellspropertymaintenance.co.uk/t.html]
[static.parastorage.com/services/tag-manager-client/1.1028.0/siteTags.bundle.min.js]
[static.wixstatic.com/media/11062b_4cc0cd1b280b47808902be1437d5a852_mv2.jpg/v1/crop/x_528,y_0,w_2216,h_2216/fill/w_490,h_490,al_c,q_80,usm_0.66_1.00_0.01,enc_avif,quality_auto/Property Development.jpg]
[www.purnellspropertymaintenance.co.uk/o]
[static.wixstatic.com/media/11062b_89d9ae8dcf664d0485cead63dc0d44c3_mv2.jpg/v1/crop/x_837,y_0,w_2591,h_2592/fill/w_455,h_455,al_c,q_80,usm_0.66_1.00_0.01,enc_av/worker applies bitumen mastic on the foundation.29]
[static.wixstatic.com/media/11062b_09e6ec96c0364d8295494ffb2b048d8a_mv2.jpg/v1/crop/x_984,y_0,w_3432,h_3432/fill/w_455,h_455,al_c,q_80,usm_0.66_1.00_0.01,enc_avif,quality_auto/House.jpg]
[static.parastorage.com/services/wix-thunderbolt/dist/main.0ec9d169.bundle.min.js]
[www.purnellspropertymaintenance.co.uk/e.2c.delayed]
[www.purnellspropertymaintenance.co.uk/property-maintenance.html]
[static.wixstatic.com/media/11062b_50f55faa12b44a4dbf38ede4e2d173b9_mv2.jpg/v1/crop/x_1000,y_0,w_4000,h_4000/fill/w_455,h_455,al_c,q_80,usm_0.66_1.00_0.01,enc_avif,quality_auto/GettyImages-482181782.jpg]
[www.purnellspropertymaintenance.co.uk/building-services.html]
[static.wixstatic.com/media/11062b_37453f6ca6c84dfea24f7ba011951a09_mv2.jpg/v1/crop/x_925,y_0,w_3710,h_3710/fill/w_490,h_490,al_c,q_80,usm_0.66_1.00_0.01,enc_av/Builders discussing housing development on building]
[static.wixstatic.com/media/11062b_2b2711c0572b4ea3a9e7d82d6d1ec683_mv2.jpg/v1/crop/x_869,y_0,w_3437,h_3437/fill/w_455,h_455,al_c,q_80,usm_0.66_1.00_0.01,enc_av/Matt Fehr horizontal construction worker laying til]
[static.wixstatic.com/media/11062b_aeb8f3c899ab4ad6bb8f677820a0bb9c_mv2.jpg/v1/crop/x_1167,y_0,w_3000,h_3000/fill/w_490,h_490,al_c,q_80,usm_0.66_1.00_0.01,enc_avif,quality_auto/kitchen luxury home.jpg]
[www.purnellspropertymaintenance.co.uk/kitchens-and-bathrooms.html]
[static.wixstatic.com/media/11062b_8f81ce3fb17b4115ab2a5aa6fee6e7da_mv2.jpg/v1/crop/x_936,y_0,w_3744,h_3744/fill/w_455,h_455,al_c,q_80,usm_0.66_1.00_0.01,enc_av/hands plumber at work in a bathroom, plumbing repai]
[static.wixstatic.com/media/11062b_aacd58d29ae24d16972da9f599327e8c_mv2.jpg/v1/crop/x_770,y_0,w_3231,h_3231/fill/w_455,h_455,al_c,q_80,usm_0.66_1.00_0.01,enc_av/a beautiful bathroom suite in a luxury new home wit]
[static.wixstatic.com/media/11062b_1684a0b2823d49ae8f1aadda61d5e411_mv2.jpg/v1/crop/x_424,y_0,w_1696,h_1696/fill/w_490,h_490,al_c,q_80,usm_0.66_1.00_0.01,enc_avif,quality_auto/New house under construction.jpg]
[static.wixstatic.com/media/11062b_83674cce8b1f47d09c7f134c93ab317c_mv2.jpg/v1/crop/x_867,y_0,w_3467,h_3467/fill/w_455,h_455,al_c,q_80,usm_0.66_1.00_0.01,enc_av/Carpenter using mitre in workshop.jpg]
[www.purnellspropertymaintenance.co.uk/carpentry-and-joinery.html]
[www.purnellspropertymaintenance.co.uk/painting-and-decorating.html]
[www.purnellspropertymaintenance.co.uk/roofing-services.html]
[static.wixstatic.com/media/11062b_b305c331cb2d4a899539aa7d3b4eb3d2_mv2.jpg/v1/crop/x_929,y_0,w_1855,h_1856/fill/w_455,h_455,al_c,q_80,usm_0.66_1.00_0.01,enc_av/Carpenter in workshop workshop marking out wood to]
[static.wixstatic.com/media/11062b_a56efae9feef45158f2ccb13460c1e12_mv2.jpg/v1/crop/x_667,y_0,w_2667,h_2667/fill/w_455,h_455,al_c,q_80,usm_0.66_1.00_0.01,enc_av/Applying silicone plaster to the wall of the house_]
[static.wixstatic.com/media/11062b_d0afbe7cb997428e9e17e01e088373c3_mv2.jpg/v1/crop/x_1000,y_0,w_4000,h_4000/fill/w_490,h_490,al_c,q_80,usm_0.66_1.00_0.01,enc_av/Wall is being renovated, painted in Very Peri colo]
[static.wixstatic.com/media/11062b_1f1fbbd887b346f480ed95c9f9c40dd1_mv2.jpg/v1/crop/x_830,y_0,w_3744,h_3744/fill/w_455,h_455,al_c,q_80,usm_0.66_1.00_0.01,enc_av/A tile fixer laying ceramic floor tiles into a bed]
[static.wixstatic.com/media/11062b_8171202af1f043258ffe74ad4bddebbd_mv2.jpg/v1/crop/x_919,y_0,w_3632,h_3632/fill/w_490,h_490,al_c,q_80,usm_0.66_1.00_0.01,enc_avif,quality_auto/Landscaped garden.jpg]
[static.wixstatic.com/media/11062b_7269153eb0474690853082063b6b7587_mv2.jpg/v1/crop/x_1160,y_0,w_3343,h_3344/fill/w_490,h_490,al_c,q_80,usm_0.66_1.00_0.01,enc_av/Roof of new detached houses against blue sky.39.de]
[static.wixstatic.com/media/44ceee_1ebc4e4452e74aaa97b6050a8a9e3c86_mv2.jpg/v1/crop/x_128,y_0,w_768,h_768/fill/w_455,h_455,al_c,q_80,usm_0.66_1.00_0.01,enc_av/255974f5-02d2-4281-8d79-67cc2bffc1bb_image_jpeg.3a.de]
[static.wixstatic.com/media/11062b_48a164d885a04ee3a4f78b3b72f2cd64_mv2.jpg/v1/crop/x_1327,y_0,w_3047,h_3047/fill/w_455,h_455,al_c,q_80,usm_0.66_1.00_0.01,enc_av/Plants along cobblestone driveway.jpg]
[www.purnellspropertymaintenance.co.uk/landscaping-and-patios.html]
[static.wixstatic.com/media/44ceee_916b9179427f4b6991dd1a5c6b9d2ac2_mv2.jpg/v1/crop/x_128,y_0,w_768,h_768/fill/w_455,h_455,al_c,q_80,usm_0.66_1.00_0.01,enc_av/a5616559-bd29-4f79-a1d2-371a8c690fab_image_jpeg.3d.de]
[static.wixstatic.com/media/11062b_faf9fb70b0344233ae7b27f0e2e3b80f_mv2.jpg/v1/crop/x_1923,y_0,w_3837,h_3840/fill/w_455,h_455,al_c,q_80,usm_0.66_1.00_0.01,enc_av/Worker Attaching Aluminum Rain Gutter to Fascia of]
[static.parastorage.com/services/form-app/1.2659.0/client-viewer/1693.chunk.min.js]
[static.parastorage.com/services/form-app/1.2659.0/client-viewer/form-app-header.chunk.min.js]
[static.parastorage.com/services/form-app/1.2659.0/client-viewer/form-app-wix-ricos-viewer.chunk.min.js]
[static.parastorage.com/services/form-app/1.2659.0/client-viewer/8836.chunk.min.js]
[static.parastorage.com/services/form-app/1.2659.0/client-viewer/4660.chunk.min.js]
[static.parastorage.com/services/form-app/1.2659.0/client-viewer/8174.chunk.min.js]
[static.parastorage.com/services/form-app/1.2659.0/client-viewer/5995.chunk.min.js]
[static.parastorage.com/services/form-app/1.2659.0/client-viewer/553.chunk.min.js]
[static.parastorage.com/services/form-app/1.2659.0/client-viewer/6549.chunk.min.js]
[static.parastorage.com/services/form-app/1.2659.0/client-viewer/1581.chunk.min.js]
[static.parastorage.com/services/form-app/1.2659.0/client-viewer/form-app-contacts-phone.chunk.min.js]
[static.parastorage.com/services/form-app/1.2659.0/client-viewer/form-app-text-area.chunk.min.js]
[www.purnellspropertymaintenance.co.uk/contact-us.html]
[www.purnellspropertymaintenance.co.uk/window.location.html]
[static.wixstatic.com/media/11062b_7206e81c3345414da5836f46f5f048f7_mv2.jpg/v1/crop/x_312,y_0,w_4241,h_4241/fill/w_490,h_490,al_c,q_80,usm_0.66_1.00_0.01,enc_av/Builders using digger to lift kerb stones on housin]
[static.parastorage.com/services/form-app/1.2659.0/FormViewerWidgetNoCss.bundle.min.js]
[www.purnellspropertymaintenance.co.uk/api.4d.delayed]
[www.purnellspropertymaintenance.co.uk/api/index.html]
[www.purnellspropertymaintenance.co.uk/envelope.4e.delayed]
[www.purnellspropertymaintenance.co.uk/envelope/index.html]
[www.purnellspropertymaintenance.co.uk/feed.html]
[www.purnellspropertymaintenance.co.uk/decodeURIComponent(e.html]
[www.purnellspropertymaintenance.co.uk/o]
[www.purnellspropertymaintenance.co.uk/e.html]
[www.purnellspropertymaintenance.co.uk/api.html]
[www.purnellspropertymaintenance.co.uk/envelope.html]
